Archive member included because of file (symbol)

.\CortexM0\ARM_GCC_473\Release\Desktop_Tool_Emulator.a(cyfitter_cfg.o)
                              .\CortexM0\ARM_GCC_473\Release\Cm0Start.o (cyfitter_cfg)
.\CortexM0\ARM_GCC_473\Release\Desktop_Tool_Emulator.a(I2C_1_I2C_MASTER.o)
                              .\CortexM0\ARM_GCC_473\Release\main.o (I2C_1_I2CMasterSendStart)
.\CortexM0\ARM_GCC_473\Release\Desktop_Tool_Emulator.a(UART_1.o)
                              .\CortexM0\ARM_GCC_473\Release\main.o (UART_1_Start)
.\CortexM0\ARM_GCC_473\Release\Desktop_Tool_Emulator.a(UART_1_SPI_UART.o)
                              .\CortexM0\ARM_GCC_473\Release\main.o (UART_1_SpiUartPutArray)
.\CortexM0\ARM_GCC_473\Release\Desktop_Tool_Emulator.a(UART_1_UART.o)
                              .\CortexM0\ARM_GCC_473\Release\Desktop_Tool_Emulator.a(UART_1.o) (UART_1_UartInit)
.\CortexM0\ARM_GCC_473\Release\Desktop_Tool_Emulator.a(I2C_1_sda.o)
                              .\CortexM0\ARM_GCC_473\Release\Desktop_Tool_Emulator.a(I2C_1_I2C_MASTER.o) (I2C_1_sda_Read)
.\CortexM0\ARM_GCC_473\Release\Desktop_Tool_Emulator.a(I2C_1_scl.o)
                              .\CortexM0\ARM_GCC_473\Release\Desktop_Tool_Emulator.a(I2C_1_I2C_MASTER.o) (I2C_1_scl_Write)
.\CortexM0\ARM_GCC_473\Release\Desktop_Tool_Emulator.a(CyBootAsmGnu.o)
                              .\CortexM0\ARM_GCC_473\Release\Desktop_Tool_Emulator.a(cyfitter_cfg.o) (CyDelayCycles)
.\CortexM0\ARM_GCC_473\Release\Desktop_Tool_Emulator.a(CyLib.o)
                              .\CortexM0\ARM_GCC_473\Release\Desktop_Tool_Emulator.a(I2C_1_I2C_MASTER.o) (CyIntEnable)
.\CortexM0\ARM_GCC_473\Release\Desktop_Tool_Emulator.a(SPIM_1.o)
                              .\CortexM0\ARM_GCC_473\Release\main.o (SPIM_1_WriteTxData)
.\CortexM0\ARM_GCC_473\Release\Desktop_Tool_Emulator.a(Pin_4.o)
                              .\CortexM0\ARM_GCC_473\Release\main.o (Pin_4_Write)
.\CortexM0\ARM_GCC_473\Release\Desktop_Tool_Emulator.a(SPIM_1_IntClock.o)
                              .\CortexM0\ARM_GCC_473\Release\Desktop_Tool_Emulator.a(SPIM_1.o) (SPIM_1_IntClock_Start)
.\CortexM0\ARM_GCC_473\Release\Desktop_Tool_Emulator.a(I2C_1_I2C.o)
                              .\CortexM0\ARM_GCC_473\Release\Desktop_Tool_Emulator.a(I2C_1_I2C_MASTER.o) (I2C_1_state)
.\CortexM0\ARM_GCC_473\Release\Desktop_Tool_Emulator.a(I2C_1_I2C_INT.o)
                              .\CortexM0\ARM_GCC_473\Release\Desktop_Tool_Emulator.a(I2C_1_I2C.o) (I2C_1_I2C_ISR)
.\CortexM0\ARM_GCC_473\Release\Desktop_Tool_Emulator.a(I2C_1.o)
                              .\CortexM0\ARM_GCC_473\Release\Desktop_Tool_Emulator.a(I2C_1_I2C_INT.o) (I2C_1_customIntrHandler)
c:/program files (x86)/cypress/psoc creator/3.0/psoc creator/import/gnu_cs/arm/4.7.3/bin/../lib/gcc/arm-none-eabi/4.7.3/armv6-m\libgcc.a(_udivsi3.o)
                              .\CortexM0\ARM_GCC_473\Release\Desktop_Tool_Emulator.a(CyLib.o) (__aeabi_uidiv)
c:/program files (x86)/cypress/psoc creator/3.0/psoc creator/import/gnu_cs/arm/4.7.3/bin/../lib/gcc/arm-none-eabi/4.7.3/armv6-m\libgcc.a(_dvmd_tls.o)
                              c:/program files (x86)/cypress/psoc creator/3.0/psoc creator/import/gnu_cs/arm/4.7.3/bin/../lib/gcc/arm-none-eabi/4.7.3/armv6-m\libgcc.a(_udivsi3.o) (__aeabi_idiv0)
c:/program files (x86)/cypress/psoc creator/3.0/psoc creator/import/gnu_cs/arm/4.7.3/bin/../lib/gcc/arm-none-eabi/4.7.3/../../../../arm-none-eabi/lib/armv6-m\libc_s.a(lib_a-__atexit2.o)
                              c:/program files (x86)/cypress/psoc creator/3.0/psoc creator/import/gnu_cs/arm/4.7.3/bin/../lib/gcc/arm-none-eabi/4.7.3/../../../../arm-none-eabi/lib/armv6-m/crt0.o (__register_exitproc)
c:/program files (x86)/cypress/psoc creator/3.0/psoc creator/import/gnu_cs/arm/4.7.3/bin/../lib/gcc/arm-none-eabi/4.7.3/../../../../arm-none-eabi/lib/armv6-m\libc_s.a(lib_a-exit.o)
                              c:/program files (x86)/cypress/psoc creator/3.0/psoc creator/import/gnu_cs/arm/4.7.3/bin/../lib/gcc/arm-none-eabi/4.7.3/../../../../arm-none-eabi/lib/armv6-m/crt0.o (exit)
c:/program files (x86)/cypress/psoc creator/3.0/psoc creator/import/gnu_cs/arm/4.7.3/bin/../lib/gcc/arm-none-eabi/4.7.3/../../../../arm-none-eabi/lib/armv6-m\libc_s.a(lib_a-fini.o)
                              c:/program files (x86)/cypress/psoc creator/3.0/psoc creator/import/gnu_cs/arm/4.7.3/bin/../lib/gcc/arm-none-eabi/4.7.3/../../../../arm-none-eabi/lib/armv6-m/crt0.o (__libc_fini_array)
c:/program files (x86)/cypress/psoc creator/3.0/psoc creator/import/gnu_cs/arm/4.7.3/bin/../lib/gcc/arm-none-eabi/4.7.3/../../../../arm-none-eabi/lib/armv6-m\libc_s.a(lib_a-impure.o)
                              c:/program files (x86)/cypress/psoc creator/3.0/psoc creator/import/gnu_cs/arm/4.7.3/bin/../lib/gcc/arm-none-eabi/4.7.3/../../../../arm-none-eabi/lib/armv6-m\libc_s.a(lib_a-exit.o) (_global_impure_ptr)
[...]
Memory Configuration

Name             Origin             Length             Attributes
rom              0x00000000         0x00008000         xr
ram              0x20000000         0x00001000         xrw
*default*        0x00000000         0xffffffff

Linker script and memory map

LOAD c:/program files (x86)/cypress/psoc creator/3.0/psoc creator/import/gnu_cs/arm/4.7.3/bin/../lib/gcc/arm-none-eabi/4.7.3/armv6-m/crti.o
LOAD c:/program files (x86)/cypress/psoc creator/3.0/psoc creator/import/gnu_cs/arm/4.7.3/bin/../lib/gcc/arm-none-eabi/4.7.3/armv6-m/crtbegin.o
LOAD c:/program files (x86)/cypress/psoc creator/3.0/psoc creator/import/gnu_cs/arm/4.7.3/bin/../lib/gcc/arm-none-eabi/4.7.3/../../../../arm-none-eabi/lib/armv6-m/crt0.o
START GROUP
LOAD .\CortexM0\ARM_GCC_473\Release\main.o
LOAD .\CortexM0\ARM_GCC_473\Release\cymetadata.o
LOAD .\CortexM0\ARM_GCC_473\Release\Cm0Start.o
LOAD .\CortexM0\ARM_GCC_473\Release\Desktop_Tool_Emulator.a
LOAD C:\Program Files (x86)\Cypress\PSoC Creator\3.0\PSoC Creator\psoc\content\cycomponentlibrary\CyComponentLibrary.cylib\CortexM0\ARM_GCC_473\Release\CyComponentLibrary.a
END GROUP
START GROUP
LOAD c:/program files (x86)/cypress/psoc creator/3.0/psoc creator/import/gnu_cs/arm/4.7.3/bin/../lib/gcc/arm-none-eabi/4.7.3/armv6-m\libgcc.a
LOAD c:/program files (x86)/cypress/psoc creator/3.0/psoc creator/import/gnu_cs/arm/4.7.3/bin/../lib/gcc/arm-none-eabi/4.7.3/../../../../arm-none-eabi/lib/armv6-m\libc_s.a
END GROUP
LOAD c:/program files (x86)/cypress/psoc creator/3.0/psoc creator/import/gnu_cs/arm/4.7.3/bin/../lib/gcc/arm-none-eabi/4.7.3/armv6-m/crtend.o
LOAD c:/program files (x86)/cypress/psoc creator/3.0/psoc creator/import/gnu_cs/arm/4.7.3/bin/../lib/gcc/arm-none-eabi/4.7.3/armv6-m/crtn.o
START GROUP
LOAD c:/program files (x86)/cypress/psoc creator/3.0/psoc creator/import/gnu_cs/arm/4.7.3/bin/../lib/gcc/arm-none-eabi/4.7.3/armv6-m\libgcc.a
LOAD c:/program files (x86)/cypress/psoc creator/3.0/psoc creator/import/gnu_cs/arm/4.7.3/bin/../lib/gcc/arm-none-eabi/4.7.3/../../../../arm-none-eabi/lib/armv6-m\libc.a
LOAD c:/program files (x86)/cypress/psoc creator/3.0/psoc creator/import/gnu_cs/arm/4.7.3/bin/../lib/gcc/arm-none-eabi/4.7.3/../../../../arm-none-eabi/lib/armv6-m\libnosys.a
END GROUP
                0x00000000                CY_APPL_ORIGIN = 0x0
                0x00000080                CY_FLASH_ROW_SIZE = 0x80
                0x00000001                CY_APPL_NUM = 0x1
                0x00000040                CY_METADATA_SIZE = 0x40
                0x20000178                PROVIDE (__cy_heap_start, _end)
                0x00000001                PROVIDE (__cy_region_num, ((__cy_regions_end - __cy_regions) / 0x10))
                0x20001000                PROVIDE (__cy_stack, (ORIGIN (ram) + 0x1000))
                0x20000c00                PROVIDE (__cy_heap_end, (__cy_stack - 0x400))

.cybootloader   0x00000000        0x0
 *(.cybootloader)
                0x00000000                appl1_start = CY_APPL_ORIGIN?CY_APPL_ORIGIN:ALIGN (CY_FLASH_ROW_SIZE)
                0x00003f80                appl2_start = (appl1_start + ALIGN ((((0x8000 - appl1_start) - (0x2 * CY_FLASH_ROW_SIZE)) / 0x2), CY_FLASH_ROW_SIZE))
                0x00000000                appl_start = (CY_APPL_NUM == 0x1)?appl1_start:appl2_start

.text           0x00000000      0xe20
 CREATE_OBJECT_SYMBOLS
                0x00000000                PROVIDE (__cy_interrupt_vector, RomVectors)
 *(.romvectors)
 .romvectors    0x00000000       0x10 .\CortexM0\ARM_GCC_473\Release\Cm0Start.o
                0x00000000                RomVectors
                0x00000001                ASSERT ((. != __cy_interrupt_vector), No interrupt vector)
                0x00000001                ASSERT (CY_APPL_ORIGIN?(SIZEOF (.cybootloader) <= CY_APPL_ORIGIN):0x1, Wrong image location)
                0x00000010                PROVIDE (__cy_reset, Reset)
 *(.text.Reset)
 .text.Reset    0x00000010        0x6 .\CortexM0\ARM_GCC_473\Release\Cm0Start.o
                0x00000010                Reset
                0x00000001                ASSERT ((. != __cy_reset), No reset code)
 *(.psocinit)
 *fill*         0x00000016        0x2 00
 .psocinit      0x00000018      0x240 .\CortexM0\ARM_GCC_473\Release\Desktop_Tool_Emulator.a(cyfitter_cfg.o)
                0x00000018                cyfitter_cfg
                0x00000258                . = MAX (., 0x100)
 *(.text .text.* .gnu.linkonce.t.*)
 .text          0x00000258       0x60 c:/program files (x86)/cypress/psoc creator/3.0/psoc creator/import/gnu_cs/arm/4.7.3/bin/../lib/gcc/arm-none-eabi/4.7.3/armv6-m/crtbegin.o
 .text.startup.main
                0x000002b8       0x50 .\CortexM0\ARM_GCC_473\Release\main.o
                0x000002b8                main
 .text.IntDefaultHandler
                0x00000308        0x4 .\CortexM0\ARM_GCC_473\Release\Cm0Start.o
                0x00000308                IntDefaultHandler
 .text.Start_c  0x0000030c       0x48 .\CortexM0\ARM_GCC_473\Release\Cm0Start.o
                0x0000030c                Start_c
 .text.startup.initialize_psoc
                0x00000354       0x44 .\CortexM0\ARM_GCC_473\Release\Cm0Start.o
                0x00000354                initialize_psoc
 .text.UART_1_Enable
                0x00000398       0x14 .\CortexM0\ARM_GCC_473\Release\Desktop_Tool_Emulator.a(UART_1.o)
                0x00000398                UART_1_Enable
 .text.UART_1_Start
                0x000003ac       0x1c .\CortexM0\ARM_GCC_473\Release\Desktop_Tool_Emulator.a(UART_1.o)
                0x000003ac                UART_1_Start
 .text.UART_1_SpiUartWriteTxData
                0x000003c8       0x1c .\CortexM0\ARM_GCC_473\Release\Desktop_Tool_Emulator.a(UART_1_SPI_UART.o)
                0x000003c8                UART_1_SpiUartWriteTxData
 .text.UART_1_SpiUartPutArray
                0x000003e4       0x16 .\CortexM0\ARM_GCC_473\Release\Desktop_Tool_Emulator.a(UART_1_SPI_UART.o)
                0x000003e4                UART_1_SpiUartPutArray
 *fill*         0x000003fa        0x2 00
 .text.UART_1_UartInit
                0x000003fc       0x90 .\CortexM0\ARM_GCC_473\Release\Desktop_Tool_Emulator.a(UART_1_UART.o)
                0x000003fc                UART_1_UartInit
 .text.UART_1_UartPutString
                0x0000048c       0x16 .\CortexM0\ARM_GCC_473\Release\Desktop_Tool_Emulator.a(UART_1_UART.o)
                0x0000048c                UART_1_UartPutString
 *fill*         0x000004a2        0x6 00
 .text          0x000004a8       0x20 .\CortexM0\ARM_GCC_473\Release\Desktop_Tool_Emulator.a(CyBootAsmGnu.o)
                0x000004a8                CyDelayCycles
                0x000004ba                CyEnterCriticalSection
                0x000004c2                CyExitCriticalSection
 .text.CyDelay  0x000004c8       0x2c .\CortexM0\ARM_GCC_473\Release\Desktop_Tool_Emulator.a(CyLib.o)
                0x000004c8                CyDelay
 .text.CyDelayUs
                0x000004f4       0x14 .\CortexM0\ARM_GCC_473\Release\Desktop_Tool_Emulator.a(CyLib.o)
                0x000004f4                CyDelayUs
 .text          0x00000508       0x9c c:/program files (x86)/cypress/psoc creator/3.0/psoc creator/import/gnu_cs/arm/4.7.3/bin/../lib/gcc/arm-none-eabi/4.7.3/armv6-m\libgcc.a(_udivsi3.o)
                0x00000508                __aeabi_uidiv
                0x00000508                __udivsi3
                0x00000590                __aeabi_uidivmod
 .text          0x000005a4        0x4 c:/program files (x86)/cypress/psoc creator/3.0/psoc creator/import/gnu_cs/arm/4.7.3/bin/../lib/gcc/arm-none-eabi/4.7.3/armv6-m\libgcc.a(_dvmd_tls.o)
                0x000005a4                __aeabi_idiv0
                0x000005a4                __aeabi_ldiv0
 .text.__libc_init_array
                0x000005a8       0x4c c:/program files (x86)/cypress/psoc creator/3.0/psoc creator/import/gnu_cs/arm/4.7.3/bin/../lib/gcc/arm-none-eabi/4.7.3/../../../../arm-none-eabi/lib/armv6-m\libc_s.a(lib_a-init.o)
                0x000005a8                __libc_init_array
 .text.memcpy   0x000005f4       0x12 c:/program files (x86)/cypress/psoc creator/3.0/psoc creator/import/gnu_cs/arm/4.7.3/bin/../lib/gcc/arm-none-eabi/4.7.3/../../../../arm-none-eabi/lib/armv6-m\libc_s.a(lib_a-memcpy.o)
                0x000005f4                memcpy
 .text.memset   0x00000606       0x12 c:/program files (x86)/cypress/psoc creator/3.0/psoc creator/import/gnu_cs/arm/4.7.3/bin/../lib/gcc/arm-none-eabi/4.7.3/../../../../arm-none-eabi/lib/armv6-m\libc_s.a(lib_a-memset.o)
                0x00000606                memset
 .text.sprintf  0x00000618       0x44 c:/program files (x86)/cypress/psoc creator/3.0/psoc creator/import/gnu_cs/arm/4.7.3/bin/../lib/gcc/arm-none-eabi/4.7.3/../../../../arm-none-eabi/lib/armv6-m\libc_s.a(lib_a-sprintf.o)
                0x00000618                siprintf
                0x00000618                sprintf
 .text.__ssputc_r
                0x0000065c       0xb0 c:/program files (x86)/cypress/psoc creator/3.0/psoc creator/import/gnu_cs/arm/4.7.3/bin/../lib/gcc/arm-none-eabi/4.7.3/../../../../arm-none-eabi/lib/armv6-m\libc_s.a(lib_a-svfprintf.o)
                0x0000065c                __ssputc_r
 .text._svfprintf_r
                0x0000070c      0x1f8 c:/program files (x86)/cypress/psoc creator/3.0/psoc creator/import/gnu_cs/arm/4.7.3/bin/../lib/gcc/arm-none-eabi/4.7.3/../../../../arm-none-eabi/lib/armv6-m\libc_s.a(lib_a-svfprintf.o)
                0x0000070c                _svfiprintf_r
                0x0000070c                _svfprintf_r
 .text._printf_common
                0x00000904       0xe0 c:/program files (x86)/cypress/psoc creator/3.0/psoc creator/import/gnu_cs/arm/4.7.3/bin/../lib/gcc/arm-none-eabi/4.7.3/../../../../arm-none-eabi/lib/armv6-m\libc_s.a(lib_a-vfprintf_i.o)
                0x00000904                _printf_common
 .text._printf_i
                0x000009e4      0x234 c:/program files (x86)/cypress/psoc creator/3.0/psoc creator/import/gnu_cs/arm/4.7.3/bin/../lib/gcc/arm-none-eabi/4.7.3/../../../../arm-none-eabi/lib/armv6-m\libc_s.a(lib_a-vfprintf_i.o)
                0x000009e4                _printf_i
 .text._free_r  0x00000c18       0x90 c:/program files (x86)/cypress/psoc creator/3.0/psoc creator/import/gnu_cs/arm/4.7.3/bin/../lib/gcc/arm-none-eabi/4.7.3/../../../../arm-none-eabi/lib/armv6-m\libc_s.a(lib_a-freer.o)
                0x00000c18                _free_r
 .text._malloc_r
                0x00000ca8       0x94 c:/program files (x86)/cypress/psoc creator/3.0/psoc creator/import/gnu_cs/arm/4.7.3/bin/../lib/gcc/arm-none-eabi/4.7.3/../../../../arm-none-eabi/lib/armv6-m\libc_s.a(lib_a-mallocr.o)
                0x00000ca8                _malloc_r
 .text.memchr   0x00000d3c       0x18 c:/program files (x86)/cypress/psoc creator/3.0/psoc creator/import/gnu_cs/arm/4.7.3/bin/../lib/gcc/arm-none-eabi/4.7.3/../../../../arm-none-eabi/lib/armv6-m\libc_s.a(lib_a-memchr.o)
                0x00000d3c                memchr
 .text._realloc_r
                0x00000d54       0x4c c:/program files (x86)/cypress/psoc creator/3.0/psoc creator/import/gnu_cs/arm/4.7.3/bin/../lib/gcc/arm-none-eabi/4.7.3/../../../../arm-none-eabi/lib/armv6-m\libc_s.a(lib_a-reallocr.o)
                0x00000d54                _realloc_r
 .text._sbrk_r  0x00000da0       0x24 c:/program files (x86)/cypress/psoc creator/3.0/psoc creator/import/gnu_cs/arm/4.7.3/bin/../lib/gcc/arm-none-eabi/4.7.3/../../../../arm-none-eabi/lib/armv6-m\libc_s.a(lib_a-sbrkr.o)
                0x00000da0                _sbrk_r
 .text.strlen   0x00000dc4        0xe c:/program files (x86)/cypress/psoc creator/3.0/psoc creator/import/gnu_cs/arm/4.7.3/bin/../lib/gcc/arm-none-eabi/4.7.3/../../../../arm-none-eabi/lib/armv6-m\libc_s.a(lib_a-strlen.o)
                0x00000dc4                strlen
 .text._malloc_usable_size_r
                0x00000dd2       0x14 c:/program files (x86)/cypress/psoc creator/3.0/psoc creator/import/gnu_cs/arm/4.7.3/bin/../lib/gcc/arm-none-eabi/4.7.3/../../../../arm-none-eabi/lib/armv6-m\libc_s.a(lib_a-msizer.o)
                0x00000dd2                _malloc_usable_size_r
 *fill*         0x00000de6        0x2 00
 .text._sbrk    0x00000de8       0x38 c:/program files (x86)/cypress/psoc creator/3.0/psoc creator/import/gnu_cs/arm/4.7.3/bin/../lib/gcc/arm-none-eabi/4.7.3/../../../../arm-none-eabi/lib/armv6-m\libnosys.a(sbrk.o)
                0x00000de8                _sbrk
 *(.plt)
 *(.gnu.warning)
 *(.glue_7t)
 .glue_7t       0x00000000        0x0 linker stubs
 *(.glue_7)
 .glue_7        0x00000000        0x0 linker stubs
 *(.vfp11_veneer)
 .vfp11_veneer  0x00000000        0x0 linker stubs
 *(.bootloader)
 *(.ARM.extab* .gnu.linkonce.armextab.*)
 *(.gcc_except_table)

.v4_bx          0x00000e20        0x0
 .v4_bx         0x00000000        0x0 linker stubs

.iplt           0x00000e20        0x0
 .iplt          0x00000000        0x0 c:/program files (x86)/cypress/psoc creator/3.0/psoc creator/import/gnu_cs/arm/4.7.3/bin/../lib/gcc/arm-none-eabi/4.7.3/armv6-m/crtbegin.o

.eh_frame_hdr
 *(.eh_frame_hdr)

.eh_frame       0x00000e20        0x4
 *(.eh_frame)
 .eh_frame      0x00000e20        0x0 c:/program files (x86)/cypress/psoc creator/3.0/psoc creator/import/gnu_cs/arm/4.7.3/bin/../lib/gcc/arm-none-eabi/4.7.3/armv6-m/crtbegin.o
 .eh_frame      0x00000e20        0x4 c:/program files (x86)/cypress/psoc creator/3.0/psoc creator/import/gnu_cs/arm/4.7.3/bin/../lib/gcc/arm-none-eabi/4.7.3/armv6-m/crtend.o
                0x00000e24                PROVIDE (__exidx_start, .)

.ARM.exidx
 *(.ARM.exidx* .gnu.linkonce.armexidx.*)
                0x00000e24                __exidx_end = .

.rodata         0x00000e24      0x354
 *(.rodata .rodata.* .gnu.linkonce.r.*)
 .rodata.str1.1
                0x00000e24       0x6a .\CortexM0\ARM_GCC_473\Release\main.o
 *fill*         0x00000e8e        0x2 00
 .rodata        0x00000e90      0x278 .\CortexM0\ARM_GCC_473\Release\Desktop_Tool_Emulator.a(cyfitter_cfg.o)
 .rodata.str1.1
                0x00001108        0x2 c:/program files (x86)/cypress/psoc creator/3.0/psoc creator/import/gnu_cs/arm/4.7.3/bin/../lib/gcc/arm-none-eabi/4.7.3/../../../../arm-none-eabi/lib/armv6-m\libc_s.a(lib_a-impure.o)
 .rodata.str1.1
                0x0000110a       0x11 c:/program files (x86)/cypress/psoc creator/3.0/psoc creator/import/gnu_cs/arm/4.7.3/bin/../lib/gcc/arm-none-eabi/4.7.3/../../../../arm-none-eabi/lib/armv6-m\libc_s.a(lib_a-svfprintf.o)
 .rodata.str1.1
                0x0000111b       0x22 c:/program files (x86)/cypress/psoc creator/3.0/psoc creator/import/gnu_cs/arm/4.7.3/bin/../lib/gcc/arm-none-eabi/4.7.3/../../../../arm-none-eabi/lib/armv6-m\libc_s.a(lib_a-vfprintf_i.o)
                0x00001140                . = ALIGN (0x4)
 *fill*         0x0000113d        0x3 00
 *(.init)
 .init          0x00001140        0x4 c:/program files (x86)/cypress/psoc creator/3.0/psoc creator/import/gnu_cs/arm/4.7.3/bin/../lib/gcc/arm-none-eabi/4.7.3/armv6-m/crti.o
                0x00001140                _init
 .init          0x00001144        0x8 c:/program files (x86)/cypress/psoc creator/3.0/psoc creator/import/gnu_cs/arm/4.7.3/bin/../lib/gcc/arm-none-eabi/4.7.3/armv6-m/crtn.o
                0x0000114c                . = ALIGN (0x4)
                0x0000114c                __preinit_array_start = .
 *(.preinit_array)
                0x0000114c                __preinit_array_end = .
                0x0000114c                . = ALIGN (0x4)
                0x0000114c                __init_array_start = .
 *(SORT(.init_array.*))
 *(.init_array)
 .init_array    0x0000114c        0x4 c:/program files (x86)/cypress/psoc creator/3.0/psoc creator/import/gnu_cs/arm/4.7.3/bin/../lib/gcc/arm-none-eabi/4.7.3/armv6-m/crtbegin.o
 .init_array    0x00001150        0x4 .\CortexM0\ARM_GCC_473\Release\Cm0Start.o
                0x00001154                __init_array_end = .
                0x00001154                . = ALIGN (0x4)
 *(.fini)
 .fini          0x00001154        0x4 c:/program files (x86)/cypress/psoc creator/3.0/psoc creator/import/gnu_cs/arm/4.7.3/bin/../lib/gcc/arm-none-eabi/4.7.3/armv6-m/crti.o
                0x00001154                _fini
 .fini          0x00001158        0x8 c:/program files (x86)/cypress/psoc creator/3.0/psoc creator/import/gnu_cs/arm/4.7.3/bin/../lib/gcc/arm-none-eabi/4.7.3/armv6-m/crtn.o
                0x00001160                . = ALIGN (0x4)
                0x00001160                __fini_array_start = .
 *(.fini_array)
 .fini_array    0x00001160        0x4 c:/program files (x86)/cypress/psoc creator/3.0/psoc creator/import/gnu_cs/arm/4.7.3/bin/../lib/gcc/arm-none-eabi/4.7.3/armv6-m/crtbegin.o
 *(SORT(.fini_array.*))
                0x00001164                __fini_array_end = .
                0x00001164                . = ALIGN (0x4)
 *crtbegin.o(.ctors)
 *(EXCLUDE_FILE(*crtend.o) .ctors)
 *(SORT(.ctors.*))
 *crtend.o(.ctors)
                0x00001164                . = ALIGN (0x4)
 *crtbegin.o(.dtors)
 *(EXCLUDE_FILE(*crtend.o) .dtors)
 *(SORT(.dtors.*))
 *crtend.o(.dtors)
                0x00001164                . = ALIGN (0x4)
                0x00001164                __cy_regions = .
                0x00001164        0x4 LONG 0x1178 __cy_region_init_ram
                0x00001168        0x4 LONG 0x200000c8 __cy_region_start_data
                0x0000116c        0x4 LONG 0x80 __cy_region_init_size_ram
                0x00001170        0x4 LONG 0x30 __cy_region_zero_size_ram
                0x00001174                __cy_regions_end = .
                0x00001178                . = ALIGN (0x8)
 *fill*         0x00001174        0x4 00
                0x00001178                _etext = .

.ramvectors     0x20000000       0xc0
                0x20000000                __cy_region_start_ram = .
 *(.ramvectors)
 .ramvectors    0x20000000       0xc0 .\CortexM0\ARM_GCC_473\Release\Cm0Start.o
                0x20000000                CyRamVectors

.noinit         0x200000c0        0x4
 *(.noinit)
 .noinit        0x200000c0        0x4 .\CortexM0\ARM_GCC_473\Release\Cm0Start.o

.data           0x200000c8       0x80 load address 0x00001178
                0x200000c8                __cy_region_start_data = .
 *(.jcr)
 .jcr           0x200000c8        0x0 c:/program files (x86)/cypress/psoc creator/3.0/psoc creator/import/gnu_cs/arm/4.7.3/bin/../lib/gcc/arm-none-eabi/4.7.3/armv6-m/crtbegin.o
 .jcr           0x200000c8        0x4 c:/program files (x86)/cypress/psoc creator/3.0/psoc creator/import/gnu_cs/arm/4.7.3/bin/../lib/gcc/arm-none-eabi/4.7.3/armv6-m/crtend.o
 *(.got.plt)
 *(.got)
 *(.shdata)
 *(.data .data.* .gnu.linkonce.d.*)
 .data          0x200000cc       0x10 .\CortexM0\ARM_GCC_473\Release\Desktop_Tool_Emulator.a(CyLib.o)
                0x200000cc                cydelay32kMs
                0x200000d0                cydelayFreqKhz
                0x200000d4                cydelayFreqMhz
                0x200000d8                cydelayFreqHz
 .data.impure_data
                0x200000dc       0x64 c:/program files (x86)/cypress/psoc creator/3.0/psoc creator/import/gnu_cs/arm/4.7.3/bin/../lib/gcc/arm-none-eabi/4.7.3/../../../../arm-none-eabi/lib/armv6-m\libc_s.a(lib_a-impure.o)
 .data._impure_ptr
                0x20000140        0x4 c:/program files (x86)/cypress/psoc creator/3.0/psoc creator/import/gnu_cs/arm/4.7.3/bin/../lib/gcc/arm-none-eabi/4.7.3/../../../../arm-none-eabi/lib/armv6-m\libc_s.a(lib_a-impure.o)
                0x20000140                _impure_ptr
                0x20000148                . = ALIGN (0x8)
 *fill*         0x20000144        0x4 00
 *(.ram)
                0x20000148                _edata = .

.igot.plt       0x20000148        0x0 load address 0x000011f8
 .igot.plt      0x00000000        0x0 c:/program files (x86)/cypress/psoc creator/3.0/psoc creator/import/gnu_cs/arm/4.7.3/bin/../lib/gcc/arm-none-eabi/4.7.3/armv6-m/crtbegin.o

.bss            0x20000148       0x30 load address 0x000011f8
                0x20000148                PROVIDE (__bss_start__, .)
 *(.shbss)
 *(.bss .bss.* .gnu.linkonce.b.*)
 .bss           0x20000148       0x1c c:/program files (x86)/cypress/psoc creator/3.0/psoc creator/import/gnu_cs/arm/4.7.3/bin/../lib/gcc/arm-none-eabi/4.7.3/armv6-m/crtbegin.o
 .bss           0x20000164        0x8 .\CortexM0\ARM_GCC_473\Release\Desktop_Tool_Emulator.a(UART_1.o)
                0x20000164                UART_1_initVar
                0x20000168                UART_1_customIntrHandler
 .bss.__malloc_free_list
                0x2000016c        0x4 c:/program files (x86)/cypress/psoc creator/3.0/psoc creator/import/gnu_cs/arm/4.7.3/bin/../lib/gcc/arm-none-eabi/4.7.3/../../../../arm-none-eabi/lib/armv6-m\libc_s.a(lib_a-mallocr.o)
                0x2000016c                __malloc_free_list
 .bss.heap_end.4231
                0x20000170        0x4 c:/program files (x86)/cypress/psoc creator/3.0/psoc creator/import/gnu_cs/arm/4.7.3/bin/../lib/gcc/arm-none-eabi/4.7.3/../../../../arm-none-eabi/lib/armv6-m\libnosys.a(sbrk.o)
 *(COMMON)
 COMMON         0x20000174        0x4 c:/program files (x86)/cypress/psoc creator/3.0/psoc creator/import/gnu_cs/arm/4.7.3/bin/../lib/gcc/arm-none-eabi/4.7.3/../../../../arm-none-eabi/lib/armv6-m\libc_s.a(lib_a-reent.o)
                0x20000174                errno
                0x20000178                . = ALIGN (0x8)
 *(.ram.b)
                0x20000178                _end = .
                0x20000178                __end = .
                0x20000178                PROVIDE (end, .)
                0x20000178                PROVIDE (__bss_end__, .)
                0x00001178                __cy_region_init_ram = LOADADDR (.data)
                0x00000080                __cy_region_init_size_ram = (_edata - ADDR (.data))
                0x00000030                __cy_region_zero_size_ram = (_end - _edata)

.heap           0x20000178      0x100 load address 0x000011f8
                0x20000178                . = _end
                0x20000278                . = (. + 0x100)
 *fill*         0x20000178      0x100 00
                0x20000278                __cy_heap_limit = .

.stack          0x20000c00      0x400
                0x20000c00                __cy_stack_limit = .
                0x20001000                . = (. + 0x400)
 *fill*         0x20000c00      0x400 00
                0x00000001                ASSERT ((__cy_stack_limit >= __cy_heap_limit), region RAM overflowed with stack)

.cyloadermeta
 *(.cyloadermeta)

.cyloadablemeta
 *(.cyloadablemeta)

.cyflashprotect
                0x90400000       0x20
 *(.cyflashprotect)
 .cyflashprotect
                0x90400000       0x20 .\CortexM0\ARM_GCC_473\Release\cymetadata.o
                0x90400000                cy_meta_flashprotect

.cymeta         0x90500000        0xc
 *(.cymeta)
 .cymeta        0x90500000        0xc .\CortexM0\ARM_GCC_473\Release\cymetadata.o
                0x90500000                cy_metadata

.cychipprotect  0x90600000        0x1
 *(.cychipprotect)
 .cychipprotect
                0x90600000        0x1 .\CortexM0\ARM_GCC_473\Release\cymetadata.o
                0x90600000                cy_meta_chipprotect

.rel.dyn        0x000011f8        0x0 load address 0x90600004
 .rel.iplt      0x00000000        0x0 c:/program files (x86)/cypress/psoc creator/3.0/psoc creator/import/gnu_cs/arm/4.7.3/bin/../lib/gcc/arm-none-eabi/4.7.3/armv6-m/crtbegin.o

.stab
 *(.stab)

.stabstr
 *(.stabstr)

.debug
 *(.debug)

.line
 *(.line)

.debug_srcinfo
 *(.debug_srcinfo)

.debug_sfnames
 *(.debug_sfnames)

.debug_aranges  0x00000000      0x650
 *(.debug_aranges)
 .debug_aranges
                0x00000000       0x40 .\CortexM0\ARM_GCC_473\Release\main.o
 .debug_aranges
                0x00000040       0x18 .\CortexM0\ARM_GCC_473\Release\cymetadata.o
 .debug_aranges
                0x00000058       0x40 .\CortexM0\ARM_GCC_473\Release\Cm0Start.o
 .debug_aranges
                0x00000098       0x20 .\CortexM0\ARM_GCC_473\Release\Desktop_Tool_Emulator.a(cyfitter_cfg.o)
 .debug_aranges
                0x000000b8       0x88 .\CortexM0\ARM_GCC_473\Release\Desktop_Tool_Emulator.a(I2C_1_I2C_MASTER.o)
 .debug_aranges
                0x00000140       0x40 .\CortexM0\ARM_GCC_473\Release\Desktop_Tool_Emulator.a(UART_1.o)
 .debug_aranges
                0x00000180       0x60 .\CortexM0\ARM_GCC_473\Release\Desktop_Tool_Emulator.a(UART_1_SPI_UART.o)
 .debug_aranges
                0x000001e0       0x50 .\CortexM0\ARM_GCC_473\Release\Desktop_Tool_Emulator.a(UART_1_UART.o)
 .debug_aranges
                0x00000230       0x40 .\CortexM0\ARM_GCC_473\Release\Desktop_Tool_Emulator.a(I2C_1_sda.o)
 .debug_aranges
                0x00000270       0x40 .\CortexM0\ARM_GCC_473\Release\Desktop_Tool_Emulator.a(I2C_1_scl.o)
 .debug_aranges
                0x000002b0       0x20 .\CortexM0\ARM_GCC_473\Release\Desktop_Tool_Emulator.a(CyBootAsmGnu.o)
 .debug_aranges
                0x000002d0      0x1a0 .\CortexM0\ARM_GCC_473\Release\Desktop_Tool_Emulator.a(CyLib.o)
 .debug_aranges
                0x00000470       0xd8 .\CortexM0\ARM_GCC_473\Release\Desktop_Tool_Emulator.a(SPIM_1.o)
 .debug_aranges
                0x00000548       0x40 .\CortexM0\ARM_GCC_473\Release\Desktop_Tool_Emulator.a(Pin_4.o)
 .debug_aranges
                0x00000588       0x40 .\CortexM0\ARM_GCC_473\Release\Desktop_Tool_Emulator.a(SPIM_1_IntClock.o)
 .debug_aranges
                0x000005c8       0x28 .\CortexM0\ARM_GCC_473\Release\Desktop_Tool_Emulator.a(I2C_1_I2C.o)
 .debug_aranges
                0x000005f0       0x20 .\CortexM0\ARM_GCC_473\Release\Desktop_Tool_Emulator.a(I2C_1_I2C_INT.o)
 .debug_aranges
                0x00000610       0x40 .\CortexM0\ARM_GCC_473\Release\Desktop_Tool_Emulator.a(I2C_1.o)

.debug_pubnames
 *(.debug_pubnames)

.debug_info     0x00000000     0x3f91
 *(.debug_info .gnu.linkonce.wi.*)
 .debug_info    0x00000000      0x97a .\CortexM0\ARM_GCC_473\Release\main.o
 .debug_info    0x0000097a      0x100 .\CortexM0\ARM_GCC_473\Release\cymetadata.o
 .debug_info    0x00000a7a      0x30e .\CortexM0\ARM_GCC_473\Release\Cm0Start.o
 .debug_info    0x00000d88      0x5d8 .\CortexM0\ARM_GCC_473\Release\Desktop_Tool_Emulator.a(cyfitter_cfg.o)
 .debug_info    0x00001360      0x651 .\CortexM0\ARM_GCC_473\Release\Desktop_Tool_Emulator.a(I2C_1_I2C_MASTER.o)
 .debug_info    0x000019b1      0x1c4 .\CortexM0\ARM_GCC_473\Release\Desktop_Tool_Emulator.a(UART_1.o)
 .debug_info    0x00001b75      0x242 .\CortexM0\ARM_GCC_473\Release\Desktop_Tool_Emulator.a(UART_1_SPI_UART.o)
 .debug_info    0x00001db7      0x2d9 .\CortexM0\ARM_GCC_473\Release\Desktop_Tool_Emulator.a(UART_1_UART.o)
 .debug_info    0x00002090      0x164 .\CortexM0\ARM_GCC_473\Release\Desktop_Tool_Emulator.a(I2C_1_sda.o)
 .debug_info    0x000021f4      0x164 .\CortexM0\ARM_GCC_473\Release\Desktop_Tool_Emulator.a(I2C_1_scl.o)
 .debug_info    0x00002358       0xa4 .\CortexM0\ARM_GCC_473\Release\Desktop_Tool_Emulator.a(CyBootAsmGnu.o)
 .debug_info    0x000023fc      0xd32 .\CortexM0\ARM_GCC_473\Release\Desktop_Tool_Emulator.a(CyLib.o)
 .debug_info    0x0000312e      0x593 .\CortexM0\ARM_GCC_473\Release\Desktop_Tool_Emulator.a(SPIM_1.o)
 .debug_info    0x000036c1      0x164 .\CortexM0\ARM_GCC_473\Release\Desktop_Tool_Emulator.a(Pin_4.o)
 .debug_info    0x00003825      0x166 .\CortexM0\ARM_GCC_473\Release\Desktop_Tool_Emulator.a(SPIM_1_IntClock.o)
 .debug_info    0x0000398b      0x1ed .\CortexM0\ARM_GCC_473\Release\Desktop_Tool_Emulator.a(I2C_1_I2C.o)
 .debug_info    0x00003b78      0x1a9 .\CortexM0\ARM_GCC_473\Release\Desktop_Tool_Emulator.a(I2C_1_I2C_INT.o)
 .debug_info    0x00003d21      0x270 .\CortexM0\ARM_GCC_473\Release\Desktop_Tool_Emulator.a(I2C_1.o)

.debug_abbrev   0x00000000     0x1807
 *(.debug_abbrev)
 .debug_abbrev  0x00000000      0x259 .\CortexM0\ARM_GCC_473\Release\main.o
 .debug_abbrev  0x00000259       0x5d .\CortexM0\ARM_GCC_473\Release\cymetadata.o
 .debug_abbrev  0x000002b6      0x1a6 .\CortexM0\ARM_GCC_473\Release\Cm0Start.o
 .debug_abbrev  0x0000045c      0x28e .\CortexM0\ARM_GCC_473\Release\Desktop_Tool_Emulator.a(cyfitter_cfg.o)
 .debug_abbrev  0x000006ea      0x1d2 .\CortexM0\ARM_GCC_473\Release\Desktop_Tool_Emulator.a(I2C_1_I2C_MASTER.o)
 .debug_abbrev  0x000008bc      0x128 .\CortexM0\ARM_GCC_473\Release\Desktop_Tool_Emulator.a(UART_1.o)
 .debug_abbrev  0x000009e4      0x16b .\CortexM0\ARM_GCC_473\Release\Desktop_Tool_Emulator.a(UART_1_SPI_UART.o)
 .debug_abbrev  0x00000b4f      0x16e .\CortexM0\ARM_GCC_473\Release\Desktop_Tool_Emulator.a(UART_1_UART.o)
 .debug_abbrev  0x00000cbd       0xd3 .\CortexM0\ARM_GCC_473\Release\Desktop_Tool_Emulator.a(I2C_1_sda.o)
 .debug_abbrev  0x00000d90       0xd3 .\CortexM0\ARM_GCC_473\Release\Desktop_Tool_Emulator.a(I2C_1_scl.o)
 .debug_abbrev  0x00000e63       0x14 .\CortexM0\ARM_GCC_473\Release\Desktop_Tool_Emulator.a(CyBootAsmGnu.o)
 .debug_abbrev  0x00000e77      0x2c9 .\CortexM0\ARM_GCC_473\Release\Desktop_Tool_Emulator.a(CyLib.o)
 .debug_abbrev  0x00001140      0x239 .\CortexM0\ARM_GCC_473\Release\Desktop_Tool_Emulator.a(SPIM_1.o)
 .debug_abbrev  0x00001379       0xd3 .\CortexM0\ARM_GCC_473\Release\Desktop_Tool_Emulator.a(Pin_4.o)
 .debug_abbrev  0x0000144c       0xb9 .\CortexM0\ARM_GCC_473\Release\Desktop_Tool_Emulator.a(SPIM_1_IntClock.o)
 .debug_abbrev  0x00001505       0xfd .\CortexM0\ARM_GCC_473\Release\Desktop_Tool_Emulator.a(I2C_1_I2C.o)
 .debug_abbrev  0x00001602       0x97 .\CortexM0\ARM_GCC_473\Release\Desktop_Tool_Emulator.a(I2C_1_I2C_INT.o)
 .debug_abbrev  0x00001699      0x16e .\CortexM0\ARM_GCC_473\Release\Desktop_Tool_Emulator.a(I2C_1.o)

.debug_line     0x00000000     0x1a82
 *(.debug_line)
 .debug_line    0x00000000      0x225 .\CortexM0\ARM_GCC_473\Release\main.o
 .debug_line    0x00000225       0x53 .\CortexM0\ARM_GCC_473\Release\cymetadata.o
 .debug_line    0x00000278      0x18a .\CortexM0\ARM_GCC_473\Release\Cm0Start.o
 .debug_line    0x00000402      0x1f4 .\CortexM0\ARM_GCC_473\Release\Desktop_Tool_Emulator.a(cyfitter_cfg.o)
 .debug_line    0x000005f6      0x2e5 .\CortexM0\ARM_GCC_473\Release\Desktop_Tool_Emulator.a(I2C_1_I2C_MASTER.o)
 .debug_line    0x000008db       0xd7 .\CortexM0\ARM_GCC_473\Release\Desktop_Tool_Emulator.a(UART_1.o)
 .debug_line    0x000009b2      0x129 .\CortexM0\ARM_GCC_473\Release\Desktop_Tool_Emulator.a(UART_1_SPI_UART.o)
 .debug_line    0x00000adb      0x15c .\CortexM0\ARM_GCC_473\Release\Desktop_Tool_Emulator.a(UART_1_UART.o)
 .debug_line    0x00000c37       0xba .\CortexM0\ARM_GCC_473\Release\Desktop_Tool_Emulator.a(I2C_1_sda.o)
 .debug_line    0x00000cf1       0xba .\CortexM0\ARM_GCC_473\Release\Desktop_Tool_Emulator.a(I2C_1_scl.o)
 .debug_line    0x00000dab       0x68 .\CortexM0\ARM_GCC_473\Release\Desktop_Tool_Emulator.a(CyBootAsmGnu.o)
 .debug_line    0x00000e13      0x52a .\CortexM0\ARM_GCC_473\Release\Desktop_Tool_Emulator.a(CyLib.o)
 .debug_line    0x0000133d      0x2b3 .\CortexM0\ARM_GCC_473\Release\Desktop_Tool_Emulator.a(SPIM_1.o)
 .debug_line    0x000015f0       0xb6 .\CortexM0\ARM_GCC_473\Release\Desktop_Tool_Emulator.a(Pin_4.o)
 .debug_line    0x000016a6       0xbf .\CortexM0\ARM_GCC_473\Release\Desktop_Tool_Emulator.a(SPIM_1_IntClock.o)
 .debug_line    0x00001765       0xc9 .\CortexM0\ARM_GCC_473\Release\Desktop_Tool_Emulator.a(I2C_1_I2C.o)
 .debug_line    0x0000182e      0x167 .\CortexM0\ARM_GCC_473\Release\Desktop_Tool_Emulator.a(I2C_1_I2C_INT.o)
 .debug_line    0x00001995       0xed .\CortexM0\ARM_GCC_473\Release\Desktop_Tool_Emulator.a(I2C_1.o)

.debug_frame    0x00000000     0x11fc
 *(.debug_frame)
 .debug_frame   0x00000000       0xc4 .\CortexM0\ARM_GCC_473\Release\main.o
 .debug_frame   0x000000c4       0x98 .\CortexM0\ARM_GCC_473\Release\Cm0Start.o
 .debug_frame   0x0000015c       0x38 .\CortexM0\ARM_GCC_473\Release\Desktop_Tool_Emulator.a(cyfitter_cfg.o)
 .debug_frame   0x00000194      0x194 .\CortexM0\ARM_GCC_473\Release\Desktop_Tool_Emulator.a(I2C_1_I2C_MASTER.o)
 .debug_frame   0x00000328       0x78 .\CortexM0\ARM_GCC_473\Release\Desktop_Tool_Emulator.a(UART_1.o)
 .debug_frame   0x000003a0       0xb8 .\CortexM0\ARM_GCC_473\Release\Desktop_Tool_Emulator.a(UART_1_SPI_UART.o)
 .debug_frame   0x00000458       0xbc .\CortexM0\ARM_GCC_473\Release\Desktop_Tool_Emulator.a(UART_1_UART.o)
 .debug_frame   0x00000514       0x6c .\CortexM0\ARM_GCC_473\Release\Desktop_Tool_Emulator.a(I2C_1_sda.o)
 .debug_frame   0x00000580       0x6c .\CortexM0\ARM_GCC_473\Release\Desktop_Tool_Emulator.a(I2C_1_scl.o)
 .debug_frame   0x000005ec      0x428 .\CortexM0\ARM_GCC_473\Release\Desktop_Tool_Emulator.a(CyLib.o)
 .debug_frame   0x00000a14      0x200 .\CortexM0\ARM_GCC_473\Release\Desktop_Tool_Emulator.a(SPIM_1.o)
 .debug_frame   0x00000c14       0x6c .\CortexM0\ARM_GCC_473\Release\Desktop_Tool_Emulator.a(Pin_4.o)
 .debug_frame   0x00000c80       0x60 .\CortexM0\ARM_GCC_473\Release\Desktop_Tool_Emulator.a(SPIM_1_IntClock.o)
 .debug_frame   0x00000ce0       0x48 .\CortexM0\ARM_GCC_473\Release\Desktop_Tool_Emulator.a(I2C_1_I2C.o)
 .debug_frame   0x00000d28       0x38 .\CortexM0\ARM_GCC_473\Release\Desktop_Tool_Emulator.a(I2C_1_I2C_INT.o)
 .debug_frame   0x00000d60       0x90 .\CortexM0\ARM_GCC_473\Release\Desktop_Tool_Emulator.a(I2C_1.o)
 .debug_frame   0x00000df0       0x20 c:/program files (x86)/cypress/psoc creator/3.0/psoc creator/import/gnu_cs/arm/4.7.3/bin/../lib/gcc/arm-none-eabi/4.7.3/armv6-m\libgcc.a(_udivsi3.o)
 .debug_frame   0x00000e10       0x28 c:/program files (x86)/cypress/psoc creator/3.0/psoc creator/import/gnu_cs/arm/4.7.3/bin/../lib/gcc/arm-none-eabi/4.7.3/../../../../arm-none-eabi/lib/armv6-m\libc_s.a(lib_a-__atexit2.o)
 .debug_frame   0x00000e38       0x28 c:/program files (x86)/cypress/psoc creator/3.0/psoc creator/import/gnu_cs/arm/4.7.3/bin/../lib/gcc/arm-none-eabi/4.7.3/../../../../arm-none-eabi/lib/armv6-m\libc_s.a(lib_a-exit.o)
 .debug_frame   0x00000e60       0x2c c:/program files (x86)/cypress/psoc creator/3.0/psoc creator/import/gnu_cs/arm/4.7.3/bin/../lib/gcc/arm-none-eabi/4.7.3/../../../../arm-none-eabi/lib/armv6-m\libc_s.a(lib_a-fini.o)
 .debug_frame   0x00000e8c       0x2c c:/program files (x86)/cypress/psoc creator/3.0/psoc creator/import/gnu_cs/arm/4.7.3/bin/../lib/gcc/arm-none-eabi/4.7.3/../../../../arm-none-eabi/lib/armv6-m\libc_s.a(lib_a-init.o)
 .debug_frame   0x00000eb8       0x28 c:/program files (x86)/cypress/psoc creator/3.0/psoc creator/import/gnu_cs/arm/4.7.3/bin/../lib/gcc/arm-none-eabi/4.7.3/../../../../arm-none-eabi/lib/armv6-m\libc_s.a(lib_a-memcpy.o)
 .debug_frame   0x00000ee0       0x28 c:/program files (x86)/cypress/psoc creator/3.0/psoc creator/import/gnu_cs/arm/4.7.3/bin/../lib/gcc/arm-none-eabi/4.7.3/../../../../arm-none-eabi/lib/armv6-m\libc_s.a(lib_a-memset.o)
 .debug_frame   0x00000f08       0x4c c:/program files (x86)/cypress/psoc creator/3.0/psoc creator/import/gnu_cs/arm/4.7.3/bin/../lib/gcc/arm-none-eabi/4.7.3/../../../../arm-none-eabi/lib/armv6-m\libc_s.a(lib_a-sprintf.o)
 .debug_frame   0x00000f54       0x78 c:/program files (x86)/cypress/psoc creator/3.0/psoc creator/import/gnu_cs/arm/4.7.3/bin/../lib/gcc/arm-none-eabi/4.7.3/../../../../arm-none-eabi/lib/armv6-m\libc_s.a(lib_a-svfprintf.o)
 .debug_frame   0x00000fcc       0x54 c:/program files (x86)/cypress/psoc creator/3.0/psoc creator/import/gnu_cs/arm/4.7.3/bin/../lib/gcc/arm-none-eabi/4.7.3/../../../../arm-none-eabi/lib/armv6-m\libc_s.a(lib_a-vfprintf_i.o)
 .debug_frame   0x00001020       0x2c c:/program files (x86)/cypress/psoc creator/3.0/psoc creator/import/gnu_cs/arm/4.7.3/bin/../lib/gcc/arm-none-eabi/4.7.3/../../../../arm-none-eabi/lib/armv6-m\libc_s.a(lib_a-freer.o)
 .debug_frame   0x0000104c       0x2c c:/program files (x86)/cypress/psoc creator/3.0/psoc creator/import/gnu_cs/arm/4.7.3/bin/../lib/gcc/arm-none-eabi/4.7.3/../../../../arm-none-eabi/lib/armv6-m\libc_s.a(lib_a-mallocr.o)
 .debug_frame   0x00001078       0x28 c:/program files (x86)/cypress/psoc creator/3.0/psoc creator/import/gnu_cs/arm/4.7.3/bin/../lib/gcc/arm-none-eabi/4.7.3/../../../../arm-none-eabi/lib/armv6-m\libc_s.a(lib_a-memchr.o)
 .debug_frame   0x000010a0       0x2c c:/program files (x86)/cypress/psoc creator/3.0/psoc creator/import/gnu_cs/arm/4.7.3/bin/../lib/gcc/arm-none-eabi/4.7.3/../../../../arm-none-eabi/lib/armv6-m\libc_s.a(lib_a-memmove.o)
 .debug_frame   0x000010cc       0x30 c:/program files (x86)/cypress/psoc creator/3.0/psoc creator/import/gnu_cs/arm/4.7.3/bin/../lib/gcc/arm-none-eabi/4.7.3/../../../../arm-none-eabi/lib/armv6-m\libc_s.a(lib_a-reallocr.o)
 .debug_frame   0x000010fc       0x2c c:/program files (x86)/cypress/psoc creator/3.0/psoc creator/import/gnu_cs/arm/4.7.3/bin/../lib/gcc/arm-none-eabi/4.7.3/../../../../arm-none-eabi/lib/armv6-m\libc_s.a(lib_a-sbrkr.o)
 .debug_frame   0x00001128       0x20 c:/program files (x86)/cypress/psoc creator/3.0/psoc creator/import/gnu_cs/arm/4.7.3/bin/../lib/gcc/arm-none-eabi/4.7.3/../../../../arm-none-eabi/lib/armv6-m\libc_s.a(lib_a-strlen.o)
 .debug_frame   0x00001148       0x28 c:/program files (x86)/cypress/psoc creator/3.0/psoc creator/import/gnu_cs/arm/4.7.3/bin/../lib/gcc/arm-none-eabi/4.7.3/../../../../arm-none-eabi/lib/armv6-m\libc_s.a(lib_a-msizer.o)
 .debug_frame   0x00001170       0x64 c:/program files (x86)/cypress/psoc creator/3.0/psoc creator/import/gnu_cs/arm/4.7.3/bin/../lib/gcc/arm-none-eabi/4.7.3/../../../../arm-none-eabi/lib/armv6-m\libc_s.a(lib_a-reent.o)
 .debug_frame   0x000011d4       0x28 c:/program files (x86)/cypress/psoc creator/3.0/psoc creator/import/gnu_cs/arm/4.7.3/bin/../lib/gcc/arm-none-eabi/4.7.3/../../../../arm-none-eabi/lib/armv6-m\libnosys.a(sbrk.o)

.debug_str      0x00000000     0x15c9
 *(.debug_str)
 .debug_str     0x00000000      0x26f .\CortexM0\ARM_GCC_473\Release\main.o
                                0x2b4 (size before relaxing)
 .debug_str     0x0000026f       0x5b .\CortexM0\ARM_GCC_473\Release\cymetadata.o
                                0x19d (size before relaxing)
 .debug_str     0x000002ca      0x128 .\CortexM0\ARM_GCC_473\Release\Cm0Start.o
                                0x28a (size before relaxing)
 .debug_str     0x000003f2      0x1e8 .\CortexM0\ARM_GCC_473\Release\Desktop_Tool_Emulator.a(cyfitter_cfg.o)
                                0x37a (size before relaxing)
 .debug_str     0x000005da      0x26d .\CortexM0\ARM_GCC_473\Release\Desktop_Tool_Emulator.a(I2C_1_I2C_MASTER.o)
                                0x450 (size before relaxing)
 .debug_str     0x00000847       0xce .\CortexM0\ARM_GCC_473\Release\Desktop_Tool_Emulator.a(UART_1.o)
                                0x237 (size before relaxing)
 .debug_str     0x00000915      0x134 .\CortexM0\ARM_GCC_473\Release\Desktop_Tool_Emulator.a(UART_1_SPI_UART.o)
                                0x2a5 (size before relaxing)
 .debug_str     0x00000a49       0xce .\CortexM0\ARM_GCC_473\Release\Desktop_Tool_Emulator.a(UART_1_UART.o)
                                0x2cb (size before relaxing)
 .debug_str     0x00000b17       0x8e .\CortexM0\ARM_GCC_473\Release\Desktop_Tool_Emulator.a(I2C_1_sda.o)
                                0x1ee (size before relaxing)
 .debug_str     0x00000ba5       0x6b .\CortexM0\ARM_GCC_473\Release\Desktop_Tool_Emulator.a(I2C_1_scl.o)
                                0x1ee (size before relaxing)
 .debug_str     0x00000c10      0x4f4 .\CortexM0\ARM_GCC_473\Release\Desktop_Tool_Emulator.a(CyLib.o)
                                0x6b4 (size before relaxing)
 .debug_str     0x00001104      0x245 .\CortexM0\ARM_GCC_473\Release\Desktop_Tool_Emulator.a(SPIM_1.o)
                                0x40b (size before relaxing)
 .debug_str     0x00001349       0x66 .\CortexM0\ARM_GCC_473\Release\Desktop_Tool_Emulator.a(Pin_4.o)
                                0x1d6 (size before relaxing)
 .debug_str     0x000013af       0xd0 .\CortexM0\ARM_GCC_473\Release\Desktop_Tool_Emulator.a(SPIM_1_IntClock.o)
                                0x248 (size before relaxing)
 .debug_str     0x0000147f       0x41 .\CortexM0\ARM_GCC_473\Release\Desktop_Tool_Emulator.a(I2C_1_I2C.o)
                                0x22a (size before relaxing)
 .debug_str     0x000014c0       0x65 .\CortexM0\ARM_GCC_473\Release\Desktop_Tool_Emulator.a(I2C_1_I2C_INT.o)
                                0x287 (size before relaxing)
 .debug_str     0x00001525       0xa4 .\CortexM0\ARM_GCC_473\Release\Desktop_Tool_Emulator.a(I2C_1.o)
                                0x264 (size before relaxing)

.debug_loc      0x00000000     0x2309
 *(.debug_loc)
 .debug_loc     0x00000000      0x353 .\CortexM0\ARM_GCC_473\Release\main.o
 .debug_loc     0x00000353      0x142 .\CortexM0\ARM_GCC_473\Release\Cm0Start.o
 .debug_loc     0x00000495      0x159 .\CortexM0\ARM_GCC_473\Release\Desktop_Tool_Emulator.a(cyfitter_cfg.o)
 .debug_loc     0x000005ee      0x85e .\CortexM0\ARM_GCC_473\Release\Desktop_Tool_Emulator.a(I2C_1_I2C_MASTER.o)
 .debug_loc     0x00000e4c       0x40 .\CortexM0\ARM_GCC_473\Release\Desktop_Tool_Emulator.a(UART_1.o)
 .debug_loc     0x00000e8c       0xf9 .\CortexM0\ARM_GCC_473\Release\Desktop_Tool_Emulator.a(UART_1_SPI_UART.o)
 .debug_loc     0x00000f85      0x1d2 .\CortexM0\ARM_GCC_473\Release\Desktop_Tool_Emulator.a(UART_1_UART.o)
 .debug_loc     0x00001157       0x83 .\CortexM0\ARM_GCC_473\Release\Desktop_Tool_Emulator.a(I2C_1_sda.o)
 .debug_loc     0x000011da       0x83 .\CortexM0\ARM_GCC_473\Release\Desktop_Tool_Emulator.a(I2C_1_scl.o)
 .debug_loc     0x0000125d      0xbc8 .\CortexM0\ARM_GCC_473\Release\Desktop_Tool_Emulator.a(CyLib.o)
 .debug_loc     0x00001e25      0x23c .\CortexM0\ARM_GCC_473\Release\Desktop_Tool_Emulator.a(SPIM_1.o)
 .debug_loc     0x00002061       0x83 .\CortexM0\ARM_GCC_473\Release\Desktop_Tool_Emulator.a(Pin_4.o)
 .debug_loc     0x000020e4       0x5c .\CortexM0\ARM_GCC_473\Release\Desktop_Tool_Emulator.a(SPIM_1_IntClock.o)
 .debug_loc     0x00002140       0x40 .\CortexM0\ARM_GCC_473\Release\Desktop_Tool_Emulator.a(I2C_1_I2C.o)
 .debug_loc     0x00002180      0x109 .\CortexM0\ARM_GCC_473\Release\Desktop_Tool_Emulator.a(I2C_1_I2C_INT.o)
 .debug_loc     0x00002289       0x80 .\CortexM0\ARM_GCC_473\Release\Desktop_Tool_Emulator.a(I2C_1.o)

.debug_macinfo
 *(.debug_macinfo)

.debug_ranges   0x00000000      0x670
 *(.debug_ranges)
 .debug_ranges  0x00000000       0x30 .\CortexM0\ARM_GCC_473\Release\main.o
 .debug_ranges  0x00000030       0x30 .\CortexM0\ARM_GCC_473\Release\Cm0Start.o
 .debug_ranges  0x00000060       0xa0 .\CortexM0\ARM_GCC_473\Release\Desktop_Tool_Emulator.a(cyfitter_cfg.o)
 .debug_ranges  0x00000100       0x78 .\CortexM0\ARM_GCC_473\Release\Desktop_Tool_Emulator.a(I2C_1_I2C_MASTER.o)
 .debug_ranges  0x00000178       0x30 .\CortexM0\ARM_GCC_473\Release\Desktop_Tool_Emulator.a(UART_1.o)
 .debug_ranges  0x000001a8       0x50 .\CortexM0\ARM_GCC_473\Release\Desktop_Tool_Emulator.a(UART_1_SPI_UART.o)
 .debug_ranges  0x000001f8       0x40 .\CortexM0\ARM_GCC_473\Release\Desktop_Tool_Emulator.a(UART_1_UART.o)
 .debug_ranges  0x00000238       0x30 .\CortexM0\ARM_GCC_473\Release\Desktop_Tool_Emulator.a(I2C_1_sda.o)
 .debug_ranges  0x00000268       0x30 .\CortexM0\ARM_GCC_473\Release\Desktop_Tool_Emulator.a(I2C_1_scl.o)
 .debug_ranges  0x00000298      0x1f8 .\CortexM0\ARM_GCC_473\Release\Desktop_Tool_Emulator.a(CyLib.o)
 .debug_ranges  0x00000490      0x128 .\CortexM0\ARM_GCC_473\Release\Desktop_Tool_Emulator.a(SPIM_1.o)
 .debug_ranges  0x000005b8       0x30 .\CortexM0\ARM_GCC_473\Release\Desktop_Tool_Emulator.a(Pin_4.o)
 .debug_ranges  0x000005e8       0x30 .\CortexM0\ARM_GCC_473\Release\Desktop_Tool_Emulator.a(SPIM_1_IntClock.o)
 .debug_ranges  0x00000618       0x18 .\CortexM0\ARM_GCC_473\Release\Desktop_Tool_Emulator.a(I2C_1_I2C.o)
 .debug_ranges  0x00000630       0x10 .\CortexM0\ARM_GCC_473\Release\Desktop_Tool_Emulator.a(I2C_1_I2C_INT.o)
 .debug_ranges  0x00000640       0x30 .\CortexM0\ARM_GCC_473\Release\Desktop_Tool_Emulator.a(I2C_1.o)

.comment        0x00000000       0x70
 .comment       0x00000000       0x70 .\CortexM0\ARM_GCC_473\Release\main.o
                                 0x71 (size before relaxing)
 .comment       0x00000000       0x71 .\CortexM0\ARM_GCC_473\Release\cymetadata.o
 .comment       0x00000000       0x71 .\CortexM0\ARM_GCC_473\Release\Cm0Start.o
 .comment       0x00000000       0x71 .\CortexM0\ARM_GCC_473\Release\Desktop_Tool_Emulator.a(cyfitter_cfg.o)
 .comment       0x00000000       0x71 .\CortexM0\ARM_GCC_473\Release\Desktop_Tool_Emulator.a(I2C_1_I2C_MASTER.o)
 .comment       0x00000000       0x71 .\CortexM0\ARM_GCC_473\Release\Desktop_Tool_Emulator.a(UART_1.o)
 .comment       0x00000000       0x71 .\CortexM0\ARM_GCC_473\Release\Desktop_Tool_Emulator.a(UART_1_SPI_UART.o)
 .comment       0x00000000       0x71 .\CortexM0\ARM_GCC_473\Release\Desktop_Tool_Emulator.a(UART_1_UART.o)
 .comment       0x00000000       0x71 .\CortexM0\ARM_GCC_473\Release\Desktop_Tool_Emulator.a(I2C_1_sda.o)
 .comment       0x00000000       0x71 .\CortexM0\ARM_GCC_473\Release\Desktop_Tool_Emulator.a(I2C_1_scl.o)
 .comment       0x00000000       0x71 .\CortexM0\ARM_GCC_473\Release\Desktop_Tool_Emulator.a(CyLib.o)
 .comment       0x00000000       0x71 .\CortexM0\ARM_GCC_473\Release\Desktop_Tool_Emulator.a(SPIM_1.o)
 .comment       0x00000000       0x71 .\CortexM0\ARM_GCC_473\Release\Desktop_Tool_Emulator.a(Pin_4.o)
 .comment       0x00000000       0x71 .\CortexM0\ARM_GCC_473\Release\Desktop_Tool_Emulator.a(SPIM_1_IntClock.o)
 .comment       0x00000000       0x71 .\CortexM0\ARM_GCC_473\Release\Desktop_Tool_Emulator.a(I2C_1_I2C.o)
 .comment       0x00000000       0x71 .\CortexM0\ARM_GCC_473\Release\Desktop_Tool_Emulator.a(I2C_1_I2C_INT.o)
 .comment       0x00000000       0x71 .\CortexM0\ARM_GCC_473\Release\Desktop_Tool_Emulator.a(I2C_1.o)

.debug_weaknames
 *(.debug_weaknames)

.debug_funcnames
 *(.debug_funcnames)

.debug_typenames
 *(.debug_typenames)

.debug_varnames
 *(.debug_varnames)

.note.gnu.arm.ident
 *(.note.gnu.arm.ident)

.ARM.attributes
                0x00000000       0x28
 *(.ARM.attributes)
 .ARM.attributes
                0x00000000       0x1e c:/program files (x86)/cypress/psoc creator/3.0/psoc creator/import/gnu_cs/arm/4.7.3/bin/../lib/gcc/arm-none-eabi/4.7.3/armv6-m/crti.o
 .ARM.attributes
                0x0000001e       0x2c c:/program files (x86)/cypress/psoc creator/3.0/psoc creator/import/gnu_cs/arm/4.7.3/bin/../lib/gcc/arm-none-eabi/4.7.3/armv6-m/crtbegin.o
 .ARM.attributes
                0x0000004a       0x1c c:/program files (x86)/cypress/psoc creator/3.0/psoc creator/import/gnu_cs/arm/4.7.3/bin/../lib/gcc/arm-none-eabi/4.7.3/../../../../arm-none-eabi/lib/armv6-m/crt0.o
 .ARM.attributes
                0x00000066       0x31 .\CortexM0\ARM_GCC_473\Release\main.o
 .ARM.attributes
                0x00000097       0x31 .\CortexM0\ARM_GCC_473\Release\cymetadata.o
 .ARM.attributes
                0x000000c8       0x31 .\CortexM0\ARM_GCC_473\Release\Cm0Start.o
 .ARM.attributes
                0x000000f9       0x31 .\CortexM0\ARM_GCC_473\Release\Desktop_Tool_Emulator.a(cyfitter_cfg.o)
 .ARM.attributes
                0x0000012a       0x31 .\CortexM0\ARM_GCC_473\Release\Desktop_Tool_Emulator.a(I2C_1_I2C_MASTER.o)
 .ARM.attributes
                0x0000015b       0x31 .\CortexM0\ARM_GCC_473\Release\Desktop_Tool_Emulator.a(UART_1.o)
 .ARM.attributes
                0x0000018c       0x31 .\CortexM0\ARM_GCC_473\Release\Desktop_Tool_Emulator.a(UART_1_SPI_UART.o)
 .ARM.attributes
                0x000001bd       0x31 .\CortexM0\ARM_GCC_473\Release\Desktop_Tool_Emulator.a(UART_1_UART.o)
 .ARM.attributes
                0x000001ee       0x31 .\CortexM0\ARM_GCC_473\Release\Desktop_Tool_Emulator.a(I2C_1_sda.o)
 .ARM.attributes
                0x0000021f       0x31 .\CortexM0\ARM_GCC_473\Release\Desktop_Tool_Emulator.a(I2C_1_scl.o)
 .ARM.attributes
                0x00000250       0x21 .\CortexM0\ARM_GCC_473\Release\Desktop_Tool_Emulator.a(CyBootAsmGnu.o)
 .ARM.attributes
                0x00000271       0x31 .\CortexM0\ARM_GCC_473\Release\Desktop_Tool_Emulator.a(CyLib.o)
 .ARM.attributes
                0x000002a2       0x31 .\CortexM0\ARM_GCC_473\Release\Desktop_Tool_Emulator.a(SPIM_1.o)
 .ARM.attributes
                0x000002d3       0x31 .\CortexM0\ARM_GCC_473\Release\Desktop_Tool_Emulator.a(Pin_4.o)
 .ARM.attributes
                0x00000304       0x31 .\CortexM0\ARM_GCC_473\Release\Desktop_Tool_Emulator.a(SPIM_1_IntClock.o)
 .ARM.attributes
                0x00000335       0x31 .\CortexM0\ARM_GCC_473\Release\Desktop_Tool_Emulator.a(I2C_1_I2C.o)
 .ARM.attributes
                0x00000366       0x31 .\CortexM0\ARM_GCC_473\Release\Desktop_Tool_Emulator.a(I2C_1_I2C_INT.o)
 .ARM.attributes
                0x00000397       0x31 .\CortexM0\ARM_GCC_473\Release\Desktop_Tool_Emulator.a(I2C_1.o)
 .ARM.attributes
                0x000003c8       0x1e c:/program files (x86)/cypress/psoc creator/3.0/psoc creator/import/gnu_cs/arm/4.7.3/bin/../lib/gcc/arm-none-eabi/4.7.3/armv6-m\libgcc.a(_udivsi3.o)
 .ARM.attributes
                0x000003e6       0x1e c:/program files (x86)/cypress/psoc creator/3.0/psoc creator/import/gnu_cs/arm/4.7.3/bin/../lib/gcc/arm-none-eabi/4.7.3/armv6-m\libgcc.a(_dvmd_tls.o)
 .ARM.attributes
                0x00000404       0x2c c:/program files (x86)/cypress/psoc creator/3.0/psoc creator/import/gnu_cs/arm/4.7.3/bin/../lib/gcc/arm-none-eabi/4.7.3/../../../../arm-none-eabi/lib/armv6-m\libc_s.a(lib_a-__atexit2.o)
 .ARM.attributes
                0x00000430       0x2c c:/program files (x86)/cypress/psoc creator/3.0/psoc creator/import/gnu_cs/arm/4.7.3/bin/../lib/gcc/arm-none-eabi/4.7.3/../../../../arm-none-eabi/lib/armv6-m\libc_s.a(lib_a-exit.o)
 .ARM.attributes
                0x0000045c       0x2c c:/program files (x86)/cypress/psoc creator/3.0/psoc creator/import/gnu_cs/arm/4.7.3/bin/../lib/gcc/arm-none-eabi/4.7.3/../../../../arm-none-eabi/lib/armv6-m\libc_s.a(lib_a-fini.o)
 .ARM.attributes
                0x00000488       0x2c c:/program files (x86)/cypress/psoc creator/3.0/psoc creator/import/gnu_cs/arm/4.7.3/bin/../lib/gcc/arm-none-eabi/4.7.3/../../../../arm-none-eabi/lib/armv6-m\libc_s.a(lib_a-impure.o)
 .ARM.attributes
                0x000004b4       0x2c c:/program files (x86)/cypress/psoc creator/3.0/psoc creator/import/gnu_cs/arm/4.7.3/bin/../lib/gcc/arm-none-eabi/4.7.3/../../../../arm-none-eabi/lib/armv6-m\libc_s.a(lib_a-init.o)
 .ARM.attributes
                0x000004e0       0x2c c:/program files (x86)/cypress/psoc creator/3.0/psoc creator/import/gnu_cs/arm/4.7.3/bin/../lib/gcc/arm-none-eabi/4.7.3/../../../../arm-none-eabi/lib/armv6-m\libc_s.a(lib_a-memcpy.o)
 .ARM.attributes
                0x0000050c       0x2c c:/program files (x86)/cypress/psoc creator/3.0/psoc creator/import/gnu_cs/arm/4.7.3/bin/../lib/gcc/arm-none-eabi/4.7.3/../../../../arm-none-eabi/lib/armv6-m\libc_s.a(lib_a-memset.o)
 .ARM.attributes
                0x00000538       0x2c c:/program files (x86)/cypress/psoc creator/3.0/psoc creator/import/gnu_cs/arm/4.7.3/bin/../lib/gcc/arm-none-eabi/4.7.3/../../../../arm-none-eabi/lib/armv6-m\libc_s.a(lib_a-sprintf.o)
 .ARM.attributes
                0x00000564       0x2c c:/program files (x86)/cypress/psoc creator/3.0/psoc creator/import/gnu_cs/arm/4.7.3/bin/../lib/gcc/arm-none-eabi/4.7.3/../../../../arm-none-eabi/lib/armv6-m\libc_s.a(lib_a-svfprintf.o)
 .ARM.attributes
                0x00000590       0x2c c:/program files (x86)/cypress/psoc creator/3.0/psoc creator/import/gnu_cs/arm/4.7.3/bin/../lib/gcc/arm-none-eabi/4.7.3/../../../../arm-none-eabi/lib/armv6-m\libc_s.a(lib_a-vfprintf_i.o)
 .ARM.attributes
                0x000005bc       0x2c c:/program files (x86)/cypress/psoc creator/3.0/psoc creator/import/gnu_cs/arm/4.7.3/bin/../lib/gcc/arm-none-eabi/4.7.3/../../../../arm-none-eabi/lib/armv6-m\libc_s.a(lib_a-freer.o)
 .ARM.attributes
                0x000005e8       0x2c c:/program files (x86)/cypress/psoc creator/3.0/psoc creator/import/gnu_cs/arm/4.7.3/bin/../lib/gcc/arm-none-eabi/4.7.3/../../../../arm-none-eabi/lib/armv6-m\libc_s.a(lib_a-mallocr.o)
 .ARM.attributes
                0x00000614       0x2c c:/program files (x86)/cypress/psoc creator/3.0/psoc creator/import/gnu_cs/arm/4.7.3/bin/../lib/gcc/arm-none-eabi/4.7.3/../../../../arm-none-eabi/lib/armv6-m\libc_s.a(lib_a-memchr.o)
 .ARM.attributes
                0x00000640       0x2c c:/program files (x86)/cypress/psoc creator/3.0/psoc creator/import/gnu_cs/arm/4.7.3/bin/../lib/gcc/arm-none-eabi/4.7.3/../../../../arm-none-eabi/lib/armv6-m\libc_s.a(lib_a-memmove.o)
 .ARM.attributes
                0x0000066c       0x2c c:/program files (x86)/cypress/psoc creator/3.0/psoc creator/import/gnu_cs/arm/4.7.3/bin/../lib/gcc/arm-none-eabi/4.7.3/../../../../arm-none-eabi/lib/armv6-m\libc_s.a(lib_a-reallocr.o)
 .ARM.attributes
                0x00000698       0x2c c:/program files (x86)/cypress/psoc creator/3.0/psoc creator/import/gnu_cs/arm/4.7.3/bin/../lib/gcc/arm-none-eabi/4.7.3/../../../../arm-none-eabi/lib/armv6-m\libc_s.a(lib_a-sbrkr.o)
 .ARM.attributes
                0x000006c4       0x2c c:/program files (x86)/cypress/psoc creator/3.0/psoc creator/import/gnu_cs/arm/4.7.3/bin/../lib/gcc/arm-none-eabi/4.7.3/../../../../arm-none-eabi/lib/armv6-m\libc_s.a(lib_a-strlen.o)
 .ARM.attributes
                0x000006f0       0x2c c:/program files (x86)/cypress/psoc creator/3.0/psoc creator/import/gnu_cs/arm/4.7.3/bin/../lib/gcc/arm-none-eabi/4.7.3/../../../../arm-none-eabi/lib/armv6-m\libc_s.a(lib_a-msizer.o)
 .ARM.attributes
                0x0000071c       0x2c c:/program files (x86)/cypress/psoc creator/3.0/psoc creator/import/gnu_cs/arm/4.7.3/bin/../lib/gcc/arm-none-eabi/4.7.3/../../../../arm-none-eabi/lib/armv6-m\libc_s.a(lib_a-reent.o)
 .ARM.attributes
                0x00000748       0x2c c:/program files (x86)/cypress/psoc creator/3.0/psoc creator/import/gnu_cs/arm/4.7.3/bin/../lib/gcc/arm-none-eabi/4.7.3/armv6-m/crtend.o
 .ARM.attributes
                0x00000774       0x1e c:/program files (x86)/cypress/psoc creator/3.0/psoc creator/import/gnu_cs/arm/4.7.3/bin/../lib/gcc/arm-none-eabi/4.7.3/armv6-m/crtn.o
 .ARM.attributes
                0x00000792       0x2c c:/program files (x86)/cypress/psoc creator/3.0/psoc creator/import/gnu_cs/arm/4.7.3/bin/../lib/gcc/arm-none-eabi/4.7.3/../../../../arm-none-eabi/lib/armv6-m\libnosys.a(sbrk.o)

/DISCARD/
 *(.note.GNU-stack)
OUTPUT(.\CortexM0\ARM_GCC_473\Release\Desktop_Tool_Emulator.elf elf32-littlearm)
